{
  "routes": [
    {
      "method": "GET",
      "path": "\"/login\"",
      "handler": "login.Get",
      "access": "public",
      "auth": false,
      "file": "app/router.go:11"
    },
    {
      "method": "POST",
      "path": "\"/login\"",
      "handler": "login.Post",
      "access": "auth",
      "auth": true,
      "file": "app/router.go:16"
    },
    {
      "method": "DELETE",
      "path": "\"/logout\"",
      "handler": "login.Delete",
      "access": "public",
      "auth": false,
      "file": "app/router.go:21"
    }
  ],
  "modules": [
    {
      "id": "notifications",
      "installed": true,
      "routes": 0,
      "migrations": 1
    }
  ],
  "module_adoption": [
    {
      "id": "emailsubscriptions",
      "module_path": "github.com/leomorpho/goship-modules/emailsubscriptions",
      "version": "v0.0.0",
      "source": "first-party-catalog",
      "installed": false
    },
    {
      "id": "jobs",
      "module_path": "github.com/leomorpho/goship-modules/jobs",
      "version": "v0.0.0",
      "source": "first-party-catalog",
      "installed": false
    },
    {
      "id": "notifications",
      "module_path": "github.com/leomorpho/goship-modules/notifications",
      "version": "v0.0.0",
      "source": "local-replace",
      "installed": true
    },
    {
      "id": "paidsubscriptions",
      "module_path": "github.com/leomorpho/goship-modules/paidsubscriptions",
      "version": "v0.0.0",
      "source": "first-party-catalog",
      "installed": false
    },
    {
      "id": "storage",
      "module_path": "github.com/leomorpho/goship-modules/storage",
      "version": "v0.0.0",
      "source": "first-party-catalog",
      "installed": false
    }
  ],
  "controllers": [
    {
      "name": "login",
      "file": "app/web/controllers/login.go",
      "handlers": [
        "Get",
        "Post"
      ]
    }
  ],
  "viewmodels": [
    {
      "name": "LoginPage",
      "file": "app/web/viewmodels/login.go",
      "fields": [
        "Email",
        "Error"
      ]
    }
  ],
  "components": [
    {
      "name": "Navbar",
      "file": "app/views/web/components/navbar.templ",
      "data_component": "navbar"
    }
  ],
  "islands": null,
  "db_tables": [
    "users"
  ],
  "migrations": [
    {
      "file": "db/migrate/migrations/20260101000000_init.sql",
      "applied": null
    },
    {
      "file": "modules/notifications/db/migrate/migrations/20260102000000.sql",
      "applied": null
    }
  ],
  "shared_infra": {
    "shared_modules": 1,
    "shared_module_ids": [
      "notifications"
    ],
    "custom_app_controllers": 1,
    "custom_app_jobs": 1,
    "custom_app_commands": 1
  }
}

