.env
.env.example
.github/
.github/dependabot.yml
.github/workflows/
.github/workflows/ci.yml
.github/workflows/deploy.yml
.github/workflows/security.yml
Makefile
Procfile
Procfile.dev
Procfile.worker
README.md
app/
app/emailsubscriptions/
app/emailsubscriptions/repo.go
app/foundation/
app/foundation/container.go
app/jobs/
app/jobs/jobs.go
app/notifications/
app/notifications/notifier.go
app/profiles/
app/profiles/repo.go
app/router.go
app/router_test.go
app/subscriptions/
app/subscriptions/repo.go
app/views/
app/views/templates.go
app/web/
app/web/controllers/
app/web/controllers/controllers.go
app/web/middleware/
app/web/middleware/middleware.go
app/web/routenames/
app/web/routenames/routenames.go
app/web/ui/
app/web/ui/ui.go
app/web/viewmodels/
app/web/viewmodels/viewmodels.go
cmd/
cmd/web/
cmd/web/main.go
cmd/worker/
cmd/worker/main.go
config/
config/modules.yaml
db/
db/bobgen.yaml
db/gen/
db/gen/.gitkeep
db/migrate/
db/migrate/migrations/
db/migrate/migrations/.gitkeep
db/migrate/migrations/00001_starter_bootstrap.sql
db/queries/
db/queries/user.sql
docs/
docs/00-index.md
docs/architecture/
docs/architecture/01-architecture.md
docs/architecture/08-cognitive-model.md
docs/architecture/10-extension-zones.md
go.mod
go.sum
tools/
tools/agent-policy/
tools/agent-policy/allowed-commands.yaml
tools/agent-policy/generated/
tools/agent-policy/generated/INSTALL.md
tools/agent-policy/generated/allowed-prefixes.json
tools/agent-policy/generated/agent-prefixes.txt
