· templ generate (5ms)
· go build ./... (5ms)
· ship doctor --json (5ms)
· no-compatibility/deprecation invariant (5ms)
· module compatibility policy (5ms)
· nilaway ./... (5ms)
! go test ./... (0ms): skipped via --skip-tests
! startup smoke checks (0ms): startup smoke checks skipped via --skip-tests
· standalone exportability gate (5ms)
· orchestration contract mismatch preflight (5ms)
✓ verify passed (95ms)
