{
  "ok": true,
  "steps": [
    {
      "name": "templ generate",
      "ok": true,
      "output": "templ ok"
    },
    {
      "name": "go build ./...",
      "ok": true,
      "output": "go ok"
    },
    {
      "name": "ship doctor --json",
      "ok": true,
      "output": "{\"ok\":true,\"issues\":[]}"
    },
    {
      "name": "no-compatibility/deprecation invariant",
      "ok": true,
      "output": "canonical docs avoid compatibility-window and deprecation wording"
    },
    {
      "name": "module compatibility policy",
      "ok": true,
      "output": "standalone batteries use the canonical local-workspace or tagged-release wiring policy"
    },
    {
      "name": "nilaway ./...",
      "ok": true,
      "output": "nilaway ok"
    },
    {
      "name": "go test ./...",
      "ok": true,
      "output": "go ok"
    },
    {
      "name": "standalone exportability gate",
      "ok": true,
      "output": "starter/runtime surfaces remain free of control-plane dependency drift"
    },
    {
      "name": "orchestration contract mismatch preflight",
      "ok": true,
      "output": "runtime and orchestration metadata remain on the canonical shared contract surface"
    }
  ]
}

